
> iris-mcp-server@0.1.0 build
> tsc

